Archive member included because of file (symbol)

/Users/thomas/work-pebble/pebblesdk-generator/pebblekit-watch-examples/demos/feature_app_message/todo_list/lib/libpebble.a(tmpEWj7cbpebble_os.o)
                              src/todo_list.c.1.o (app_event_loop)

Discarded input sections

 .text          0x0000000000000000        0x0 /Users/thomas/local/pebble-dev/arm-cs-tools/bin/../lib/gcc/arm-none-eabi/4.6.3/thumb2/crti.o
 .bss           0x0000000000000000        0x0 /Users/thomas/local/pebble-dev/arm-cs-tools/bin/../lib/gcc/arm-none-eabi/4.6.3/thumb2/crti.o
 .init          0x0000000000000000        0x4 /Users/thomas/local/pebble-dev/arm-cs-tools/bin/../lib/gcc/arm-none-eabi/4.6.3/thumb2/crti.o
 .fini          0x0000000000000000        0x4 /Users/thomas/local/pebble-dev/arm-cs-tools/bin/../lib/gcc/arm-none-eabi/4.6.3/thumb2/crti.o
 .text          0x0000000000000000       0x68 /Users/thomas/local/pebble-dev/arm-cs-tools/bin/../lib/gcc/arm-none-eabi/4.6.3/thumb2/crtbegin.o
 .bss           0x0000000000000000       0x1c /Users/thomas/local/pebble-dev/arm-cs-tools/bin/../lib/gcc/arm-none-eabi/4.6.3/thumb2/crtbegin.o
 .init_array    0x0000000000000000        0x4 /Users/thomas/local/pebble-dev/arm-cs-tools/bin/../lib/gcc/arm-none-eabi/4.6.3/thumb2/crtbegin.o
 .fini_array    0x0000000000000000        0x4 /Users/thomas/local/pebble-dev/arm-cs-tools/bin/../lib/gcc/arm-none-eabi/4.6.3/thumb2/crtbegin.o
 .eh_frame      0x0000000000000000        0x0 /Users/thomas/local/pebble-dev/arm-cs-tools/bin/../lib/gcc/arm-none-eabi/4.6.3/thumb2/crtbegin.o
 .jcr           0x0000000000000000        0x0 /Users/thomas/local/pebble-dev/arm-cs-tools/bin/../lib/gcc/arm-none-eabi/4.6.3/thumb2/crtbegin.o
 .text          0x0000000000000000        0x0 src/todo_list.c.1.o
 .bss           0x0000000000000000        0x0 src/todo_list.c.1.o
 .bss           0x0000000000000000        0x0 /Users/thomas/work-pebble/pebblesdk-generator/pebblekit-watch-examples/demos/feature_app_message/todo_list/lib/libpebble.a(tmpEWj7cbpebble_os.o)
 .text.animation_init
                0x0000000000000000        0xc /Users/thomas/work-pebble/pebblesdk-generator/pebblekit-watch-examples/demos/feature_app_message/todo_list/lib/libpebble.a(tmpEWj7cbpebble_os.o)
 .text.animation_set_delay
                0x0000000000000000        0xc /Users/thomas/work-pebble/pebblesdk-generator/pebblekit-watch-examples/demos/feature_app_message/todo_list/lib/libpebble.a(tmpEWj7cbpebble_os.o)
 .text.animation_set_duration
                0x0000000000000000        0xc /Users/thomas/work-pebble/pebblesdk-generator/pebblekit-watch-examples/demos/feature_app_message/todo_list/lib/libpebble.a(tmpEWj7cbpebble_os.o)
 .text.animation_set_curve
                0x0000000000000000        0xc /Users/thomas/work-pebble/pebblesdk-generator/pebblekit-watch-examples/demos/feature_app_message/todo_list/lib/libpebble.a(tmpEWj7cbpebble_os.o)
 .text.animation_set_handlers
                0x0000000000000000        0xc /Users/thomas/work-pebble/pebblesdk-generator/pebblekit-watch-examples/demos/feature_app_message/todo_list/lib/libpebble.a(tmpEWj7cbpebble_os.o)
 .text.animation_set_implementation
                0x0000000000000000        0xc /Users/thomas/work-pebble/pebblesdk-generator/pebblekit-watch-examples/demos/feature_app_message/todo_list/lib/libpebble.a(tmpEWj7cbpebble_os.o)
 .text.animation_get_context
                0x0000000000000000        0xc /Users/thomas/work-pebble/pebblesdk-generator/pebblekit-watch-examples/demos/feature_app_message/todo_list/lib/libpebble.a(tmpEWj7cbpebble_os.o)
 .text.animation_schedule
                0x0000000000000000        0xc /Users/thomas/work-pebble/pebblesdk-generator/pebblekit-watch-examples/demos/feature_app_message/todo_list/lib/libpebble.a(tmpEWj7cbpebble_os.o)
 .text.animation_unschedule
                0x0000000000000000        0xc /Users/thomas/work-pebble/pebblesdk-generator/pebblekit-watch-examples/demos/feature_app_message/todo_list/lib/libpebble.a(tmpEWj7cbpebble_os.o)
 .text.animation_unschedule_all
                0x0000000000000000        0xc /Users/thomas/work-pebble/pebblesdk-generator/pebblekit-watch-examples/demos/feature_app_message/todo_list/lib/libpebble.a(tmpEWj7cbpebble_os.o)
 .text.animation_is_scheduled
                0x0000000000000000        0xc /Users/thomas/work-pebble/pebblesdk-generator/pebblekit-watch-examples/demos/feature_app_message/todo_list/lib/libpebble.a(tmpEWj7cbpebble_os.o)
 .text.app_timer_send_event
                0x0000000000000000        0xc /Users/thomas/work-pebble/pebblesdk-generator/pebblekit-watch-examples/demos/feature_app_message/todo_list/lib/libpebble.a(tmpEWj7cbpebble_os.o)
 .text.app_timer_cancel_event
                0x0000000000000000        0xc /Users/thomas/work-pebble/pebblesdk-generator/pebblekit-watch-examples/demos/feature_app_message/todo_list/lib/libpebble.a(tmpEWj7cbpebble_os.o)
 .text.bmp_init_container
                0x0000000000000000        0xc /Users/thomas/work-pebble/pebblesdk-generator/pebblekit-watch-examples/demos/feature_app_message/todo_list/lib/libpebble.a(tmpEWj7cbpebble_os.o)
 .text.bmp_deinit_container
                0x0000000000000000        0xc /Users/thomas/work-pebble/pebblesdk-generator/pebblekit-watch-examples/demos/feature_app_message/todo_list/lib/libpebble.a(tmpEWj7cbpebble_os.o)
 .text.cos_lookup
                0x0000000000000000        0xc /Users/thomas/work-pebble/pebblesdk-generator/pebblekit-watch-examples/demos/feature_app_message/todo_list/lib/libpebble.a(tmpEWj7cbpebble_os.o)
 .text.fonts_load_custom_font
                0x0000000000000000        0xc /Users/thomas/work-pebble/pebblesdk-generator/pebblekit-watch-examples/demos/feature_app_message/todo_list/lib/libpebble.a(tmpEWj7cbpebble_os.o)
 .text.fonts_unload_custom_font
                0x0000000000000000        0xc /Users/thomas/work-pebble/pebblesdk-generator/pebblekit-watch-examples/demos/feature_app_message/todo_list/lib/libpebble.a(tmpEWj7cbpebble_os.o)
 .text.graphics_context_set_text_color
                0x0000000000000000        0xc /Users/thomas/work-pebble/pebblesdk-generator/pebblekit-watch-examples/demos/feature_app_message/todo_list/lib/libpebble.a(tmpEWj7cbpebble_os.o)
 .text.graphics_draw_pixel
                0x0000000000000000        0xc /Users/thomas/work-pebble/pebblesdk-generator/pebblekit-watch-examples/demos/feature_app_message/todo_list/lib/libpebble.a(tmpEWj7cbpebble_os.o)
 .text.graphics_draw_line
                0x0000000000000000        0xc /Users/thomas/work-pebble/pebblesdk-generator/pebblekit-watch-examples/demos/feature_app_message/todo_list/lib/libpebble.a(tmpEWj7cbpebble_os.o)
 .text.graphics_draw_circle
                0x0000000000000000        0xc /Users/thomas/work-pebble/pebblesdk-generator/pebblekit-watch-examples/demos/feature_app_message/todo_list/lib/libpebble.a(tmpEWj7cbpebble_os.o)
 .text.graphics_fill_circle
                0x0000000000000000        0xc /Users/thomas/work-pebble/pebblesdk-generator/pebblekit-watch-examples/demos/feature_app_message/todo_list/lib/libpebble.a(tmpEWj7cbpebble_os.o)
 .text.graphics_draw_round_rect
                0x0000000000000000        0xc /Users/thomas/work-pebble/pebblesdk-generator/pebblekit-watch-examples/demos/feature_app_message/todo_list/lib/libpebble.a(tmpEWj7cbpebble_os.o)
 .text.get_time
                0x0000000000000000        0xc /Users/thomas/work-pebble/pebblesdk-generator/pebblekit-watch-examples/demos/feature_app_message/todo_list/lib/libpebble.a(tmpEWj7cbpebble_os.o)
 .text.gpath_init
                0x0000000000000000        0xc /Users/thomas/work-pebble/pebblesdk-generator/pebblekit-watch-examples/demos/feature_app_message/todo_list/lib/libpebble.a(tmpEWj7cbpebble_os.o)
 .text.gpath_move_to
                0x0000000000000000        0xc /Users/thomas/work-pebble/pebblesdk-generator/pebblekit-watch-examples/demos/feature_app_message/todo_list/lib/libpebble.a(tmpEWj7cbpebble_os.o)
 .text.gpath_rotate_to
                0x0000000000000000        0xc /Users/thomas/work-pebble/pebblesdk-generator/pebblekit-watch-examples/demos/feature_app_message/todo_list/lib/libpebble.a(tmpEWj7cbpebble_os.o)
 .text.gpath_draw_outline
                0x0000000000000000        0xc /Users/thomas/work-pebble/pebblesdk-generator/pebblekit-watch-examples/demos/feature_app_message/todo_list/lib/libpebble.a(tmpEWj7cbpebble_os.o)
 .text.gpath_draw_filled
                0x0000000000000000        0xc /Users/thomas/work-pebble/pebblesdk-generator/pebblekit-watch-examples/demos/feature_app_message/todo_list/lib/libpebble.a(tmpEWj7cbpebble_os.o)
 .text.grect_center_point
                0x0000000000000000        0xc /Users/thomas/work-pebble/pebblesdk-generator/pebblekit-watch-examples/demos/feature_app_message/todo_list/lib/libpebble.a(tmpEWj7cbpebble_os.o)
 .text.layer_mark_dirty
                0x0000000000000000        0xc /Users/thomas/work-pebble/pebblesdk-generator/pebblekit-watch-examples/demos/feature_app_message/todo_list/lib/libpebble.a(tmpEWj7cbpebble_os.o)
 .text.layer_remove_from_parent
                0x0000000000000000        0xc /Users/thomas/work-pebble/pebblesdk-generator/pebblekit-watch-examples/demos/feature_app_message/todo_list/lib/libpebble.a(tmpEWj7cbpebble_os.o)
 .text.layer_get_frame
                0x0000000000000000        0xc /Users/thomas/work-pebble/pebblesdk-generator/pebblekit-watch-examples/demos/feature_app_message/todo_list/lib/libpebble.a(tmpEWj7cbpebble_os.o)
 .text.layer_set_frame
                0x0000000000000000        0xc /Users/thomas/work-pebble/pebblesdk-generator/pebblekit-watch-examples/demos/feature_app_message/todo_list/lib/libpebble.a(tmpEWj7cbpebble_os.o)
 .text.layer_set_hidden
                0x0000000000000000        0xc /Users/thomas/work-pebble/pebblesdk-generator/pebblekit-watch-examples/demos/feature_app_message/todo_list/lib/libpebble.a(tmpEWj7cbpebble_os.o)
 .text.layer_init
                0x0000000000000000        0xc /Users/thomas/work-pebble/pebblesdk-generator/pebblekit-watch-examples/demos/feature_app_message/todo_list/lib/libpebble.a(tmpEWj7cbpebble_os.o)
 .text.light_enable
                0x0000000000000000        0xc /Users/thomas/work-pebble/pebblesdk-generator/pebblekit-watch-examples/demos/feature_app_message/todo_list/lib/libpebble.a(tmpEWj7cbpebble_os.o)
 .text.light_enable_interaction
                0x0000000000000000        0xc /Users/thomas/work-pebble/pebblesdk-generator/pebblekit-watch-examples/demos/feature_app_message/todo_list/lib/libpebble.a(tmpEWj7cbpebble_os.o)
 .text.psleep   0x0000000000000000        0xc /Users/thomas/work-pebble/pebblesdk-generator/pebblekit-watch-examples/demos/feature_app_message/todo_list/lib/libpebble.a(tmpEWj7cbpebble_os.o)
 .text.resource_init_current_app
                0x0000000000000000        0xc /Users/thomas/work-pebble/pebblesdk-generator/pebblekit-watch-examples/demos/feature_app_message/todo_list/lib/libpebble.a(tmpEWj7cbpebble_os.o)
 .text.resource_get_handle
                0x0000000000000000        0xc /Users/thomas/work-pebble/pebblesdk-generator/pebblekit-watch-examples/demos/feature_app_message/todo_list/lib/libpebble.a(tmpEWj7cbpebble_os.o)
 .text.resource_load
                0x0000000000000000        0xc /Users/thomas/work-pebble/pebblesdk-generator/pebblekit-watch-examples/demos/feature_app_message/todo_list/lib/libpebble.a(tmpEWj7cbpebble_os.o)
 .text.resource_load_byte_range
                0x0000000000000000        0xc /Users/thomas/work-pebble/pebblesdk-generator/pebblekit-watch-examples/demos/feature_app_message/todo_list/lib/libpebble.a(tmpEWj7cbpebble_os.o)
 .text.resource_size
                0x0000000000000000        0xc /Users/thomas/work-pebble/pebblesdk-generator/pebblekit-watch-examples/demos/feature_app_message/todo_list/lib/libpebble.a(tmpEWj7cbpebble_os.o)
 .text.rotbmp_deinit_container
                0x0000000000000000        0xc /Users/thomas/work-pebble/pebblesdk-generator/pebblekit-watch-examples/demos/feature_app_message/todo_list/lib/libpebble.a(tmpEWj7cbpebble_os.o)
 .text.rotbmp_init_container
                0x0000000000000000        0xc /Users/thomas/work-pebble/pebblesdk-generator/pebblekit-watch-examples/demos/feature_app_message/todo_list/lib/libpebble.a(tmpEWj7cbpebble_os.o)
 .text.rotbmp_pair_deinit_container
                0x0000000000000000        0xc /Users/thomas/work-pebble/pebblesdk-generator/pebblekit-watch-examples/demos/feature_app_message/todo_list/lib/libpebble.a(tmpEWj7cbpebble_os.o)
 .text.rotbmp_pair_init_container
                0x0000000000000000        0xc /Users/thomas/work-pebble/pebblesdk-generator/pebblekit-watch-examples/demos/feature_app_message/todo_list/lib/libpebble.a(tmpEWj7cbpebble_os.o)
 .text.rotbmp_pair_layer_set_src_ic
                0x0000000000000000        0xc /Users/thomas/work-pebble/pebblesdk-generator/pebblekit-watch-examples/demos/feature_app_message/todo_list/lib/libpebble.a(tmpEWj7cbpebble_os.o)
 .text.rotbmp_pair_layer_set_angle
                0x0000000000000000        0xc /Users/thomas/work-pebble/pebblesdk-generator/pebblekit-watch-examples/demos/feature_app_message/todo_list/lib/libpebble.a(tmpEWj7cbpebble_os.o)
 .text.window_set_click_config_provider
                0x0000000000000000        0xc /Users/thomas/work-pebble/pebblesdk-generator/pebblekit-watch-examples/demos/feature_app_message/todo_list/lib/libpebble.a(tmpEWj7cbpebble_os.o)
 .text.window_set_background_color
                0x0000000000000000        0xc /Users/thomas/work-pebble/pebblesdk-generator/pebblekit-watch-examples/demos/feature_app_message/todo_list/lib/libpebble.a(tmpEWj7cbpebble_os.o)
 .text.window_render
                0x0000000000000000        0xc /Users/thomas/work-pebble/pebblesdk-generator/pebblekit-watch-examples/demos/feature_app_message/todo_list/lib/libpebble.a(tmpEWj7cbpebble_os.o)
 .text.window_set_fullscreen
                0x0000000000000000        0xc /Users/thomas/work-pebble/pebblesdk-generator/pebblekit-watch-examples/demos/feature_app_message/todo_list/lib/libpebble.a(tmpEWj7cbpebble_os.o)
 .text.sin_lookup
                0x0000000000000000        0xc /Users/thomas/work-pebble/pebblesdk-generator/pebblekit-watch-examples/demos/feature_app_message/todo_list/lib/libpebble.a(tmpEWj7cbpebble_os.o)
 .text.string_format_time
                0x0000000000000000        0xc /Users/thomas/work-pebble/pebblesdk-generator/pebblekit-watch-examples/demos/feature_app_message/todo_list/lib/libpebble.a(tmpEWj7cbpebble_os.o)
 .text.text_layer_init
                0x0000000000000000        0xc /Users/thomas/work-pebble/pebblesdk-generator/pebblekit-watch-examples/demos/feature_app_message/todo_list/lib/libpebble.a(tmpEWj7cbpebble_os.o)
 .text.text_layer_get_text
                0x0000000000000000        0xc /Users/thomas/work-pebble/pebblesdk-generator/pebblekit-watch-examples/demos/feature_app_message/todo_list/lib/libpebble.a(tmpEWj7cbpebble_os.o)
 .text.text_layer_set_text
                0x0000000000000000        0xc /Users/thomas/work-pebble/pebblesdk-generator/pebblekit-watch-examples/demos/feature_app_message/todo_list/lib/libpebble.a(tmpEWj7cbpebble_os.o)
 .text.text_layer_set_font
                0x0000000000000000        0xc /Users/thomas/work-pebble/pebblesdk-generator/pebblekit-watch-examples/demos/feature_app_message/todo_list/lib/libpebble.a(tmpEWj7cbpebble_os.o)
 .text.text_layer_set_text_color
                0x0000000000000000        0xc /Users/thomas/work-pebble/pebblesdk-generator/pebblekit-watch-examples/demos/feature_app_message/todo_list/lib/libpebble.a(tmpEWj7cbpebble_os.o)
 .text.text_layer_set_background_color
                0x0000000000000000        0xc /Users/thomas/work-pebble/pebblesdk-generator/pebblekit-watch-examples/demos/feature_app_message/todo_list/lib/libpebble.a(tmpEWj7cbpebble_os.o)
 .text.vibes_double_pulse
                0x0000000000000000        0xc /Users/thomas/work-pebble/pebblesdk-generator/pebblekit-watch-examples/demos/feature_app_message/todo_list/lib/libpebble.a(tmpEWj7cbpebble_os.o)
 .text.vibes_enqueue_custom_pattern
                0x0000000000000000        0xc /Users/thomas/work-pebble/pebblesdk-generator/pebblekit-watch-examples/demos/feature_app_message/todo_list/lib/libpebble.a(tmpEWj7cbpebble_os.o)
 .text.vibes_long_pulse
                0x0000000000000000        0xc /Users/thomas/work-pebble/pebblesdk-generator/pebblekit-watch-examples/demos/feature_app_message/todo_list/lib/libpebble.a(tmpEWj7cbpebble_os.o)
 .text.vibes_short_pulse
                0x0000000000000000        0xc /Users/thomas/work-pebble/pebblesdk-generator/pebblekit-watch-examples/demos/feature_app_message/todo_list/lib/libpebble.a(tmpEWj7cbpebble_os.o)
 .text.app_get_current_graphics_context
                0x0000000000000000        0xc /Users/thomas/work-pebble/pebblesdk-generator/pebblekit-watch-examples/demos/feature_app_message/todo_list/lib/libpebble.a(tmpEWj7cbpebble_os.o)
 .text.clock_is_24h_style
                0x0000000000000000        0xc /Users/thomas/work-pebble/pebblesdk-generator/pebblekit-watch-examples/demos/feature_app_message/todo_list/lib/libpebble.a(tmpEWj7cbpebble_os.o)
 .text.property_animation_init_layer_frame
                0x0000000000000000        0xc /Users/thomas/work-pebble/pebblesdk-generator/pebblekit-watch-examples/demos/feature_app_message/todo_list/lib/libpebble.a(tmpEWj7cbpebble_os.o)
 .text.text_layer_set_text_alignment
                0x0000000000000000        0xc /Users/thomas/work-pebble/pebblesdk-generator/pebblekit-watch-examples/demos/feature_app_message/todo_list/lib/libpebble.a(tmpEWj7cbpebble_os.o)
 .text.graphics_draw_bitmap_in_rect
                0x0000000000000000        0xc /Users/thomas/work-pebble/pebblesdk-generator/pebblekit-watch-examples/demos/feature_app_message/todo_list/lib/libpebble.a(tmpEWj7cbpebble_os.o)
 .text.graphics_text_draw
                0x0000000000000000        0xc /Users/thomas/work-pebble/pebblesdk-generator/pebblekit-watch-examples/demos/feature_app_message/todo_list/lib/libpebble.a(tmpEWj7cbpebble_os.o)
 .text.layer_set_bounds
                0x0000000000000000        0xc /Users/thomas/work-pebble/pebblesdk-generator/pebblekit-watch-examples/demos/feature_app_message/todo_list/lib/libpebble.a(tmpEWj7cbpebble_os.o)
 .text.layer_get_bounds
                0x0000000000000000        0xc /Users/thomas/work-pebble/pebblesdk-generator/pebblekit-watch-examples/demos/feature_app_message/todo_list/lib/libpebble.a(tmpEWj7cbpebble_os.o)
 .text.layer_set_update_proc
                0x0000000000000000        0xc /Users/thomas/work-pebble/pebblesdk-generator/pebblekit-watch-examples/demos/feature_app_message/todo_list/lib/libpebble.a(tmpEWj7cbpebble_os.o)
 .text.layer_get_window
                0x0000000000000000        0xc /Users/thomas/work-pebble/pebblesdk-generator/pebblekit-watch-examples/demos/feature_app_message/todo_list/lib/libpebble.a(tmpEWj7cbpebble_os.o)
 .text.layer_remove_child_layers
                0x0000000000000000        0xc /Users/thomas/work-pebble/pebblesdk-generator/pebblekit-watch-examples/demos/feature_app_message/todo_list/lib/libpebble.a(tmpEWj7cbpebble_os.o)
 .text.layer_insert_below_sibling
                0x0000000000000000        0xc /Users/thomas/work-pebble/pebblesdk-generator/pebblekit-watch-examples/demos/feature_app_message/todo_list/lib/libpebble.a(tmpEWj7cbpebble_os.o)
 .text.layer_insert_above_sibling
                0x0000000000000000        0xc /Users/thomas/work-pebble/pebblesdk-generator/pebblekit-watch-examples/demos/feature_app_message/todo_list/lib/libpebble.a(tmpEWj7cbpebble_os.o)
 .text.layer_get_hidden
                0x0000000000000000        0xc /Users/thomas/work-pebble/pebblesdk-generator/pebblekit-watch-examples/demos/feature_app_message/todo_list/lib/libpebble.a(tmpEWj7cbpebble_os.o)
 .text.layer_set_clips
                0x0000000000000000        0xc /Users/thomas/work-pebble/pebblesdk-generator/pebblekit-watch-examples/demos/feature_app_message/todo_list/lib/libpebble.a(tmpEWj7cbpebble_os.o)
 .text.layer_get_clips
                0x0000000000000000        0xc /Users/thomas/work-pebble/pebblesdk-generator/pebblekit-watch-examples/demos/feature_app_message/todo_list/lib/libpebble.a(tmpEWj7cbpebble_os.o)
 .text.text_layer_get_max_used_size
                0x0000000000000000        0xc /Users/thomas/work-pebble/pebblesdk-generator/pebblekit-watch-examples/demos/feature_app_message/todo_list/lib/libpebble.a(tmpEWj7cbpebble_os.o)
 .text.text_layer_set_size
                0x0000000000000000        0xc /Users/thomas/work-pebble/pebblesdk-generator/pebblekit-watch-examples/demos/feature_app_message/todo_list/lib/libpebble.a(tmpEWj7cbpebble_os.o)
 .text.text_layer_set_overflow_mode
                0x0000000000000000        0xc /Users/thomas/work-pebble/pebblesdk-generator/pebblekit-watch-examples/demos/feature_app_message/todo_list/lib/libpebble.a(tmpEWj7cbpebble_os.o)
 .text.inverter_layer_init
                0x0000000000000000        0xc /Users/thomas/work-pebble/pebblesdk-generator/pebblekit-watch-examples/demos/feature_app_message/todo_list/lib/libpebble.a(tmpEWj7cbpebble_os.o)
 .text.bitmap_layer_init
                0x0000000000000000        0xc /Users/thomas/work-pebble/pebblesdk-generator/pebblekit-watch-examples/demos/feature_app_message/todo_list/lib/libpebble.a(tmpEWj7cbpebble_os.o)
 .text.bitmap_layer_set_bitmap
                0x0000000000000000        0xc /Users/thomas/work-pebble/pebblesdk-generator/pebblekit-watch-examples/demos/feature_app_message/todo_list/lib/libpebble.a(tmpEWj7cbpebble_os.o)
 .text.bitmap_layer_set_alignment
                0x0000000000000000        0xc /Users/thomas/work-pebble/pebblesdk-generator/pebblekit-watch-examples/demos/feature_app_message/todo_list/lib/libpebble.a(tmpEWj7cbpebble_os.o)
 .text.bitmap_layer_set_background_color
                0x0000000000000000        0xc /Users/thomas/work-pebble/pebblesdk-generator/pebblekit-watch-examples/demos/feature_app_message/todo_list/lib/libpebble.a(tmpEWj7cbpebble_os.o)
 .text.bitmap_layer_set_compositing_mode
                0x0000000000000000        0xc /Users/thomas/work-pebble/pebblesdk-generator/pebblekit-watch-examples/demos/feature_app_message/todo_list/lib/libpebble.a(tmpEWj7cbpebble_os.o)
 .text.heap_bitmap_init
                0x0000000000000000        0xc /Users/thomas/work-pebble/pebblesdk-generator/pebblekit-watch-examples/demos/feature_app_message/todo_list/lib/libpebble.a(tmpEWj7cbpebble_os.o)
 .text.heap_bitmap_deinit
                0x0000000000000000        0xc /Users/thomas/work-pebble/pebblesdk-generator/pebblekit-watch-examples/demos/feature_app_message/todo_list/lib/libpebble.a(tmpEWj7cbpebble_os.o)
 .text.click_recognizer_get_button_id
                0x0000000000000000        0xc /Users/thomas/work-pebble/pebblesdk-generator/pebblekit-watch-examples/demos/feature_app_message/todo_list/lib/libpebble.a(tmpEWj7cbpebble_os.o)
 .text.click_number_of_clicks_counted
                0x0000000000000000        0xc /Users/thomas/work-pebble/pebblesdk-generator/pebblekit-watch-examples/demos/feature_app_message/todo_list/lib/libpebble.a(tmpEWj7cbpebble_os.o)
 .text.menu_cell_title_draw
                0x0000000000000000        0xc /Users/thomas/work-pebble/pebblesdk-generator/pebblekit-watch-examples/demos/feature_app_message/todo_list/lib/libpebble.a(tmpEWj7cbpebble_os.o)
 .text.menu_cell_basic_header_draw
                0x0000000000000000        0xc /Users/thomas/work-pebble/pebblesdk-generator/pebblekit-watch-examples/demos/feature_app_message/todo_list/lib/libpebble.a(tmpEWj7cbpebble_os.o)
 .text.menu_layer_set_selected_next
                0x0000000000000000        0xc /Users/thomas/work-pebble/pebblesdk-generator/pebblekit-watch-examples/demos/feature_app_message/todo_list/lib/libpebble.a(tmpEWj7cbpebble_os.o)
 .text.menu_layer_set_selected_index
                0x0000000000000000        0xc /Users/thomas/work-pebble/pebblesdk-generator/pebblekit-watch-examples/demos/feature_app_message/todo_list/lib/libpebble.a(tmpEWj7cbpebble_os.o)
 .text.menu_index_compare
                0x0000000000000000        0xc /Users/thomas/work-pebble/pebblesdk-generator/pebblekit-watch-examples/demos/feature_app_message/todo_list/lib/libpebble.a(tmpEWj7cbpebble_os.o)
 .text.scroll_layer_init
                0x0000000000000000        0xc /Users/thomas/work-pebble/pebblesdk-generator/pebblekit-watch-examples/demos/feature_app_message/todo_list/lib/libpebble.a(tmpEWj7cbpebble_os.o)
 .text.scroll_layer_add_child
                0x0000000000000000        0xc /Users/thomas/work-pebble/pebblesdk-generator/pebblekit-watch-examples/demos/feature_app_message/todo_list/lib/libpebble.a(tmpEWj7cbpebble_os.o)
 .text.scroll_layer_set_click_config_onto_window
                0x0000000000000000        0xc /Users/thomas/work-pebble/pebblesdk-generator/pebblekit-watch-examples/demos/feature_app_message/todo_list/lib/libpebble.a(tmpEWj7cbpebble_os.o)
 .text.scroll_layer_set_callbacks
                0x0000000000000000        0xc /Users/thomas/work-pebble/pebblesdk-generator/pebblekit-watch-examples/demos/feature_app_message/todo_list/lib/libpebble.a(tmpEWj7cbpebble_os.o)
 .text.scroll_layer_set_context
                0x0000000000000000        0xc /Users/thomas/work-pebble/pebblesdk-generator/pebblekit-watch-examples/demos/feature_app_message/todo_list/lib/libpebble.a(tmpEWj7cbpebble_os.o)
 .text.scroll_layer_set_content_offset
                0x0000000000000000        0xc /Users/thomas/work-pebble/pebblesdk-generator/pebblekit-watch-examples/demos/feature_app_message/todo_list/lib/libpebble.a(tmpEWj7cbpebble_os.o)
 .text.scroll_layer_get_content_offset
                0x0000000000000000        0xc /Users/thomas/work-pebble/pebblesdk-generator/pebblekit-watch-examples/demos/feature_app_message/todo_list/lib/libpebble.a(tmpEWj7cbpebble_os.o)
 .text.scroll_layer_set_content_size
                0x0000000000000000        0xc /Users/thomas/work-pebble/pebblesdk-generator/pebblekit-watch-examples/demos/feature_app_message/todo_list/lib/libpebble.a(tmpEWj7cbpebble_os.o)
 .text.scroll_layer_get_content_size
                0x0000000000000000        0xc /Users/thomas/work-pebble/pebblesdk-generator/pebblekit-watch-examples/demos/feature_app_message/todo_list/lib/libpebble.a(tmpEWj7cbpebble_os.o)
 .text.scroll_layer_set_frame
                0x0000000000000000        0xc /Users/thomas/work-pebble/pebblesdk-generator/pebblekit-watch-examples/demos/feature_app_message/todo_list/lib/libpebble.a(tmpEWj7cbpebble_os.o)
 .text.scroll_layer_scroll_up_click_handler
                0x0000000000000000        0xc /Users/thomas/work-pebble/pebblesdk-generator/pebblekit-watch-examples/demos/feature_app_message/todo_list/lib/libpebble.a(tmpEWj7cbpebble_os.o)
 .text.scroll_layer_scroll_down_click_handler
                0x0000000000000000        0xc /Users/thomas/work-pebble/pebblesdk-generator/pebblekit-watch-examples/demos/feature_app_message/todo_list/lib/libpebble.a(tmpEWj7cbpebble_os.o)
 .text.simple_menu_layer_init
                0x0000000000000000        0xc /Users/thomas/work-pebble/pebblesdk-generator/pebblekit-watch-examples/demos/feature_app_message/todo_list/lib/libpebble.a(tmpEWj7cbpebble_os.o)
 .text.simple_menu_layer_get_layer
                0x0000000000000000        0xc /Users/thomas/work-pebble/pebblesdk-generator/pebblekit-watch-examples/demos/feature_app_message/todo_list/lib/libpebble.a(tmpEWj7cbpebble_os.o)
 .text.simple_menu_layer_get_selected_index
                0x0000000000000000        0xc /Users/thomas/work-pebble/pebblesdk-generator/pebblekit-watch-examples/demos/feature_app_message/todo_list/lib/libpebble.a(tmpEWj7cbpebble_os.o)
 .text.simple_menu_layer_set_selected_index
                0x0000000000000000        0xc /Users/thomas/work-pebble/pebblesdk-generator/pebblekit-watch-examples/demos/feature_app_message/todo_list/lib/libpebble.a(tmpEWj7cbpebble_os.o)
 .text.window_deinit
                0x0000000000000000        0xc /Users/thomas/work-pebble/pebblesdk-generator/pebblekit-watch-examples/demos/feature_app_message/todo_list/lib/libpebble.a(tmpEWj7cbpebble_os.o)
 .text.window_set_click_config_provider_with_context
                0x0000000000000000        0xc /Users/thomas/work-pebble/pebblesdk-generator/pebblekit-watch-examples/demos/feature_app_message/todo_list/lib/libpebble.a(tmpEWj7cbpebble_os.o)
 .text.window_get_click_config_provider
                0x0000000000000000        0xc /Users/thomas/work-pebble/pebblesdk-generator/pebblekit-watch-examples/demos/feature_app_message/todo_list/lib/libpebble.a(tmpEWj7cbpebble_os.o)
 .text.window_get_root_layer
                0x0000000000000000        0xc /Users/thomas/work-pebble/pebblesdk-generator/pebblekit-watch-examples/demos/feature_app_message/todo_list/lib/libpebble.a(tmpEWj7cbpebble_os.o)
 .text.window_get_fullscreen
                0x0000000000000000        0xc /Users/thomas/work-pebble/pebblesdk-generator/pebblekit-watch-examples/demos/feature_app_message/todo_list/lib/libpebble.a(tmpEWj7cbpebble_os.o)
 .text.window_set_status_bar_icon
                0x0000000000000000        0xc /Users/thomas/work-pebble/pebblesdk-generator/pebblekit-watch-examples/demos/feature_app_message/todo_list/lib/libpebble.a(tmpEWj7cbpebble_os.o)
 .text.window_is_loaded
                0x0000000000000000        0xc /Users/thomas/work-pebble/pebblesdk-generator/pebblekit-watch-examples/demos/feature_app_message/todo_list/lib/libpebble.a(tmpEWj7cbpebble_os.o)
 .text.window_stack_pop
                0x0000000000000000        0xc /Users/thomas/work-pebble/pebblesdk-generator/pebblekit-watch-examples/demos/feature_app_message/todo_list/lib/libpebble.a(tmpEWj7cbpebble_os.o)
 .text.window_stack_pop_all
                0x0000000000000000        0xc /Users/thomas/work-pebble/pebblesdk-generator/pebblekit-watch-examples/demos/feature_app_message/todo_list/lib/libpebble.a(tmpEWj7cbpebble_os.o)
 .text.window_stack_contains_window
                0x0000000000000000        0xc /Users/thomas/work-pebble/pebblesdk-generator/pebblekit-watch-examples/demos/feature_app_message/todo_list/lib/libpebble.a(tmpEWj7cbpebble_os.o)
 .text.window_stack_get_top_window
                0x0000000000000000        0xc /Users/thomas/work-pebble/pebblesdk-generator/pebblekit-watch-examples/demos/feature_app_message/todo_list/lib/libpebble.a(tmpEWj7cbpebble_os.o)
 .text.window_stack_remove
                0x0000000000000000        0xc /Users/thomas/work-pebble/pebblesdk-generator/pebblekit-watch-examples/demos/feature_app_message/todo_list/lib/libpebble.a(tmpEWj7cbpebble_os.o)
 .text.property_animation_init
                0x0000000000000000        0xc /Users/thomas/work-pebble/pebblesdk-generator/pebblekit-watch-examples/demos/feature_app_message/todo_list/lib/libpebble.a(tmpEWj7cbpebble_os.o)
 .text.property_animation_update_int16
                0x0000000000000000        0xc /Users/thomas/work-pebble/pebblesdk-generator/pebblekit-watch-examples/demos/feature_app_message/todo_list/lib/libpebble.a(tmpEWj7cbpebble_os.o)
 .text.property_animation_update_gpoint
                0x0000000000000000        0xc /Users/thomas/work-pebble/pebblesdk-generator/pebblekit-watch-examples/demos/feature_app_message/todo_list/lib/libpebble.a(tmpEWj7cbpebble_os.o)
 .text.property_animation_update_grect
                0x0000000000000000        0xc /Users/thomas/work-pebble/pebblesdk-generator/pebblekit-watch-examples/demos/feature_app_message/todo_list/lib/libpebble.a(tmpEWj7cbpebble_os.o)
 .text.app_message_register_callbacks
                0x0000000000000000        0xc /Users/thomas/work-pebble/pebblesdk-generator/pebblekit-watch-examples/demos/feature_app_message/todo_list/lib/libpebble.a(tmpEWj7cbpebble_os.o)
 .text.app_message_deregister_callbacks
                0x0000000000000000        0xc /Users/thomas/work-pebble/pebblesdk-generator/pebblekit-watch-examples/demos/feature_app_message/todo_list/lib/libpebble.a(tmpEWj7cbpebble_os.o)
 .text.app_sync_init
                0x0000000000000000        0xc /Users/thomas/work-pebble/pebblesdk-generator/pebblekit-watch-examples/demos/feature_app_message/todo_list/lib/libpebble.a(tmpEWj7cbpebble_os.o)
 .text.app_sync_deinit
                0x0000000000000000        0xc /Users/thomas/work-pebble/pebblesdk-generator/pebblekit-watch-examples/demos/feature_app_message/todo_list/lib/libpebble.a(tmpEWj7cbpebble_os.o)
 .text.app_sync_set
                0x0000000000000000        0xc /Users/thomas/work-pebble/pebblesdk-generator/pebblekit-watch-examples/demos/feature_app_message/todo_list/lib/libpebble.a(tmpEWj7cbpebble_os.o)
 .text.app_sync_get
                0x0000000000000000        0xc /Users/thomas/work-pebble/pebblesdk-generator/pebblekit-watch-examples/demos/feature_app_message/todo_list/lib/libpebble.a(tmpEWj7cbpebble_os.o)
 .text.dict_calc_buffer_size
                0x0000000000000000        0xc /Users/thomas/work-pebble/pebblesdk-generator/pebblekit-watch-examples/demos/feature_app_message/todo_list/lib/libpebble.a(tmpEWj7cbpebble_os.o)
 .text.dict_write_begin
                0x0000000000000000        0xc /Users/thomas/work-pebble/pebblesdk-generator/pebblekit-watch-examples/demos/feature_app_message/todo_list/lib/libpebble.a(tmpEWj7cbpebble_os.o)
 .text.dict_write_data
                0x0000000000000000        0xc /Users/thomas/work-pebble/pebblesdk-generator/pebblekit-watch-examples/demos/feature_app_message/todo_list/lib/libpebble.a(tmpEWj7cbpebble_os.o)
 .text.dict_write_cstring
                0x0000000000000000        0xc /Users/thomas/work-pebble/pebblesdk-generator/pebblekit-watch-examples/demos/feature_app_message/todo_list/lib/libpebble.a(tmpEWj7cbpebble_os.o)
 .text.dict_write_int
                0x0000000000000000        0xc /Users/thomas/work-pebble/pebblesdk-generator/pebblekit-watch-examples/demos/feature_app_message/todo_list/lib/libpebble.a(tmpEWj7cbpebble_os.o)
 .text.dict_write_uint16
                0x0000000000000000        0xc /Users/thomas/work-pebble/pebblesdk-generator/pebblekit-watch-examples/demos/feature_app_message/todo_list/lib/libpebble.a(tmpEWj7cbpebble_os.o)
 .text.dict_write_uint32
                0x0000000000000000        0xc /Users/thomas/work-pebble/pebblesdk-generator/pebblekit-watch-examples/demos/feature_app_message/todo_list/lib/libpebble.a(tmpEWj7cbpebble_os.o)
 .text.dict_write_int8
                0x0000000000000000        0xc /Users/thomas/work-pebble/pebblesdk-generator/pebblekit-watch-examples/demos/feature_app_message/todo_list/lib/libpebble.a(tmpEWj7cbpebble_os.o)
 .text.dict_write_int16
                0x0000000000000000        0xc /Users/thomas/work-pebble/pebblesdk-generator/pebblekit-watch-examples/demos/feature_app_message/todo_list/lib/libpebble.a(tmpEWj7cbpebble_os.o)
 .text.dict_write_int32
                0x0000000000000000        0xc /Users/thomas/work-pebble/pebblesdk-generator/pebblekit-watch-examples/demos/feature_app_message/todo_list/lib/libpebble.a(tmpEWj7cbpebble_os.o)
 .text.dict_write_end
                0x0000000000000000        0xc /Users/thomas/work-pebble/pebblesdk-generator/pebblekit-watch-examples/demos/feature_app_message/todo_list/lib/libpebble.a(tmpEWj7cbpebble_os.o)
 .text.dict_read_begin_from_buffer
                0x0000000000000000        0xc /Users/thomas/work-pebble/pebblesdk-generator/pebblekit-watch-examples/demos/feature_app_message/todo_list/lib/libpebble.a(tmpEWj7cbpebble_os.o)
 .text.dict_read_next
                0x0000000000000000        0xc /Users/thomas/work-pebble/pebblesdk-generator/pebblekit-watch-examples/demos/feature_app_message/todo_list/lib/libpebble.a(tmpEWj7cbpebble_os.o)
 .text.dict_read_first
                0x0000000000000000        0xc /Users/thomas/work-pebble/pebblesdk-generator/pebblekit-watch-examples/demos/feature_app_message/todo_list/lib/libpebble.a(tmpEWj7cbpebble_os.o)
 .text.dict_serialize_tuplets
                0x0000000000000000        0xc /Users/thomas/work-pebble/pebblesdk-generator/pebblekit-watch-examples/demos/feature_app_message/todo_list/lib/libpebble.a(tmpEWj7cbpebble_os.o)
 .text.dict_serialize_tuplets_to_buffer
                0x0000000000000000        0xc /Users/thomas/work-pebble/pebblesdk-generator/pebblekit-watch-examples/demos/feature_app_message/todo_list/lib/libpebble.a(tmpEWj7cbpebble_os.o)
 .text.dict_serialize_tuplets_to_buffer_with_iter
                0x0000000000000000        0xc /Users/thomas/work-pebble/pebblesdk-generator/pebblekit-watch-examples/demos/feature_app_message/todo_list/lib/libpebble.a(tmpEWj7cbpebble_os.o)
 .text.dict_write_tuplet
                0x0000000000000000        0xc /Users/thomas/work-pebble/pebblesdk-generator/pebblekit-watch-examples/demos/feature_app_message/todo_list/lib/libpebble.a(tmpEWj7cbpebble_os.o)
 .text.dict_calc_buffer_size_from_tuplets
                0x0000000000000000        0xc /Users/thomas/work-pebble/pebblesdk-generator/pebblekit-watch-examples/demos/feature_app_message/todo_list/lib/libpebble.a(tmpEWj7cbpebble_os.o)
 .text.dict_merge
                0x0000000000000000        0xc /Users/thomas/work-pebble/pebblesdk-generator/pebblekit-watch-examples/demos/feature_app_message/todo_list/lib/libpebble.a(tmpEWj7cbpebble_os.o)
 .text.action_bar_layer_init
                0x0000000000000000        0xc /Users/thomas/work-pebble/pebblesdk-generator/pebblekit-watch-examples/demos/feature_app_message/todo_list/lib/libpebble.a(tmpEWj7cbpebble_os.o)
 .text.action_bar_layer_set_context
                0x0000000000000000        0xc /Users/thomas/work-pebble/pebblesdk-generator/pebblekit-watch-examples/demos/feature_app_message/todo_list/lib/libpebble.a(tmpEWj7cbpebble_os.o)
 .text.action_bar_layer_set_click_config_provider
                0x0000000000000000        0xc /Users/thomas/work-pebble/pebblesdk-generator/pebblekit-watch-examples/demos/feature_app_message/todo_list/lib/libpebble.a(tmpEWj7cbpebble_os.o)
 .text.action_bar_layer_set_icon
                0x0000000000000000        0xc /Users/thomas/work-pebble/pebblesdk-generator/pebblekit-watch-examples/demos/feature_app_message/todo_list/lib/libpebble.a(tmpEWj7cbpebble_os.o)
 .text.action_bar_layer_clear_icon
                0x0000000000000000        0xc /Users/thomas/work-pebble/pebblesdk-generator/pebblekit-watch-examples/demos/feature_app_message/todo_list/lib/libpebble.a(tmpEWj7cbpebble_os.o)
 .text.action_bar_layer_add_to_window
                0x0000000000000000        0xc /Users/thomas/work-pebble/pebblesdk-generator/pebblekit-watch-examples/demos/feature_app_message/todo_list/lib/libpebble.a(tmpEWj7cbpebble_os.o)
 .text.action_bar_layer_remove_from_window
                0x0000000000000000        0xc /Users/thomas/work-pebble/pebblesdk-generator/pebblekit-watch-examples/demos/feature_app_message/todo_list/lib/libpebble.a(tmpEWj7cbpebble_os.o)
 .text.action_bar_layer_set_background_color
                0x0000000000000000        0xc /Users/thomas/work-pebble/pebblesdk-generator/pebblekit-watch-examples/demos/feature_app_message/todo_list/lib/libpebble.a(tmpEWj7cbpebble_os.o)
 .text.number_window_init
                0x0000000000000000        0xc /Users/thomas/work-pebble/pebblesdk-generator/pebblekit-watch-examples/demos/feature_app_message/todo_list/lib/libpebble.a(tmpEWj7cbpebble_os.o)
 .text.number_window_set_label
                0x0000000000000000        0xc /Users/thomas/work-pebble/pebblesdk-generator/pebblekit-watch-examples/demos/feature_app_message/todo_list/lib/libpebble.a(tmpEWj7cbpebble_os.o)
 .text.number_window_set_max
                0x0000000000000000        0xc /Users/thomas/work-pebble/pebblesdk-generator/pebblekit-watch-examples/demos/feature_app_message/todo_list/lib/libpebble.a(tmpEWj7cbpebble_os.o)
 .text.number_window_set_min
                0x0000000000000000        0xc /Users/thomas/work-pebble/pebblesdk-generator/pebblekit-watch-examples/demos/feature_app_message/todo_list/lib/libpebble.a(tmpEWj7cbpebble_os.o)
 .text.number_window_set_value
                0x0000000000000000        0xc /Users/thomas/work-pebble/pebblesdk-generator/pebblekit-watch-examples/demos/feature_app_message/todo_list/lib/libpebble.a(tmpEWj7cbpebble_os.o)
 .text.number_window_set_step_size
                0x0000000000000000        0xc /Users/thomas/work-pebble/pebblesdk-generator/pebblekit-watch-examples/demos/feature_app_message/todo_list/lib/libpebble.a(tmpEWj7cbpebble_os.o)
 .text.number_window_get_value
                0x0000000000000000        0xc /Users/thomas/work-pebble/pebblesdk-generator/pebblekit-watch-examples/demos/feature_app_message/todo_list/lib/libpebble.a(tmpEWj7cbpebble_os.o)
 .text.clock_copy_time_string
                0x0000000000000000        0xc /Users/thomas/work-pebble/pebblesdk-generator/pebblekit-watch-examples/demos/feature_app_message/todo_list/lib/libpebble.a(tmpEWj7cbpebble_os.o)
 .text.gbitmap_init_as_sub_bitmap
                0x0000000000000000        0xc /Users/thomas/work-pebble/pebblesdk-generator/pebblekit-watch-examples/demos/feature_app_message/todo_list/lib/libpebble.a(tmpEWj7cbpebble_os.o)
 .text.gbitmap_init_with_data
                0x0000000000000000        0xc /Users/thomas/work-pebble/pebblesdk-generator/pebblekit-watch-examples/demos/feature_app_message/todo_list/lib/libpebble.a(tmpEWj7cbpebble_os.o)
 .text.app_log  0x0000000000000000        0xc /Users/thomas/work-pebble/pebblesdk-generator/pebblekit-watch-examples/demos/feature_app_message/todo_list/lib/libpebble.a(tmpEWj7cbpebble_os.o)
 .text.graphics_draw_rect
                0x0000000000000000        0xc /Users/thomas/work-pebble/pebblesdk-generator/pebblekit-watch-examples/demos/feature_app_message/todo_list/lib/libpebble.a(tmpEWj7cbpebble_os.o)
 .text.vibes_cancel
                0x0000000000000000        0xc /Users/thomas/work-pebble/pebblesdk-generator/pebblekit-watch-examples/demos/feature_app_message/todo_list/lib/libpebble.a(tmpEWj7cbpebble_os.o)
 .text.menu_layer_get_selected_index
                0x0000000000000000        0xc /Users/thomas/work-pebble/pebblesdk-generator/pebblekit-watch-examples/demos/feature_app_message/todo_list/lib/libpebble.a(tmpEWj7cbpebble_os.o)
 .text.gpoint_equal
                0x0000000000000000        0xc /Users/thomas/work-pebble/pebblesdk-generator/pebblekit-watch-examples/demos/feature_app_message/todo_list/lib/libpebble.a(tmpEWj7cbpebble_os.o)
 .text.grect_contains_point
                0x0000000000000000        0xc /Users/thomas/work-pebble/pebblesdk-generator/pebblekit-watch-examples/demos/feature_app_message/todo_list/lib/libpebble.a(tmpEWj7cbpebble_os.o)
 .text.grect_align
                0x0000000000000000        0xc /Users/thomas/work-pebble/pebblesdk-generator/pebblekit-watch-examples/demos/feature_app_message/todo_list/lib/libpebble.a(tmpEWj7cbpebble_os.o)
 .text.grect_clip
                0x0000000000000000        0xc /Users/thomas/work-pebble/pebblesdk-generator/pebblekit-watch-examples/demos/feature_app_message/todo_list/lib/libpebble.a(tmpEWj7cbpebble_os.o)
 .text.grect_crop
                0x0000000000000000        0xc /Users/thomas/work-pebble/pebblesdk-generator/pebblekit-watch-examples/demos/feature_app_message/todo_list/lib/libpebble.a(tmpEWj7cbpebble_os.o)
 .text.grect_equal
                0x0000000000000000        0xc /Users/thomas/work-pebble/pebblesdk-generator/pebblekit-watch-examples/demos/feature_app_message/todo_list/lib/libpebble.a(tmpEWj7cbpebble_os.o)
 .text.grect_is_empty
                0x0000000000000000        0xc /Users/thomas/work-pebble/pebblesdk-generator/pebblekit-watch-examples/demos/feature_app_message/todo_list/lib/libpebble.a(tmpEWj7cbpebble_os.o)
 .text.grect_standardize
                0x0000000000000000        0xc /Users/thomas/work-pebble/pebblesdk-generator/pebblekit-watch-examples/demos/feature_app_message/todo_list/lib/libpebble.a(tmpEWj7cbpebble_os.o)
 .text.gsize_equal
                0x0000000000000000        0xc /Users/thomas/work-pebble/pebblesdk-generator/pebblekit-watch-examples/demos/feature_app_message/todo_list/lib/libpebble.a(tmpEWj7cbpebble_os.o)
 .text.rand     0x0000000000000000        0xc /Users/thomas/work-pebble/pebblesdk-generator/pebblekit-watch-examples/demos/feature_app_message/todo_list/lib/libpebble.a(tmpEWj7cbpebble_os.o)
 .text.srand    0x0000000000000000        0xc /Users/thomas/work-pebble/pebblesdk-generator/pebblekit-watch-examples/demos/feature_app_message/todo_list/lib/libpebble.a(tmpEWj7cbpebble_os.o)
 .text.snprintf
                0x0000000000000000        0xc /Users/thomas/work-pebble/pebblesdk-generator/pebblekit-watch-examples/demos/feature_app_message/todo_list/lib/libpebble.a(tmpEWj7cbpebble_os.o)
 .text.strcmp   0x0000000000000000        0xc /Users/thomas/work-pebble/pebblesdk-generator/pebblekit-watch-examples/demos/feature_app_message/todo_list/lib/libpebble.a(tmpEWj7cbpebble_os.o)
 .text.strncmp  0x0000000000000000        0xc /Users/thomas/work-pebble/pebblesdk-generator/pebblekit-watch-examples/demos/feature_app_message/todo_list/lib/libpebble.a(tmpEWj7cbpebble_os.o)
 .text.strncpy  0x0000000000000000        0xc /Users/thomas/work-pebble/pebblesdk-generator/pebblekit-watch-examples/demos/feature_app_message/todo_list/lib/libpebble.a(tmpEWj7cbpebble_os.o)
 .text.strcat   0x0000000000000000        0xc /Users/thomas/work-pebble/pebblesdk-generator/pebblekit-watch-examples/demos/feature_app_message/todo_list/lib/libpebble.a(tmpEWj7cbpebble_os.o)
 .text.strncat  0x0000000000000000        0xc /Users/thomas/work-pebble/pebblesdk-generator/pebblekit-watch-examples/demos/feature_app_message/todo_list/lib/libpebble.a(tmpEWj7cbpebble_os.o)
 .text.strlen   0x0000000000000000        0xc /Users/thomas/work-pebble/pebblesdk-generator/pebblekit-watch-examples/demos/feature_app_message/todo_list/lib/libpebble.a(tmpEWj7cbpebble_os.o)
 .text.memcpy   0x0000000000000000        0xc /Users/thomas/work-pebble/pebblesdk-generator/pebblekit-watch-examples/demos/feature_app_message/todo_list/lib/libpebble.a(tmpEWj7cbpebble_os.o)
 .text.time     0x0000000000000000        0xc /Users/thomas/work-pebble/pebblesdk-generator/pebblekit-watch-examples/demos/feature_app_message/todo_list/lib/libpebble.a(tmpEWj7cbpebble_os.o)
 .text.time_ms  0x0000000000000000        0xc /Users/thomas/work-pebble/pebblesdk-generator/pebblekit-watch-examples/demos/feature_app_message/todo_list/lib/libpebble.a(tmpEWj7cbpebble_os.o)
 .text          0x0000000000000000        0x0 /Users/thomas/local/pebble-dev/arm-cs-tools/bin/../lib/gcc/arm-none-eabi/4.6.3/thumb2/crtend.o
 .bss           0x0000000000000000        0x0 /Users/thomas/local/pebble-dev/arm-cs-tools/bin/../lib/gcc/arm-none-eabi/4.6.3/thumb2/crtend.o
 .eh_frame      0x0000000000000000        0x4 /Users/thomas/local/pebble-dev/arm-cs-tools/bin/../lib/gcc/arm-none-eabi/4.6.3/thumb2/crtend.o
 .jcr           0x0000000000000000        0x4 /Users/thomas/local/pebble-dev/arm-cs-tools/bin/../lib/gcc/arm-none-eabi/4.6.3/thumb2/crtend.o
 .text          0x0000000000000000        0x0 /Users/thomas/local/pebble-dev/arm-cs-tools/bin/../lib/gcc/arm-none-eabi/4.6.3/thumb2/crtn.o
 .bss           0x0000000000000000        0x0 /Users/thomas/local/pebble-dev/arm-cs-tools/bin/../lib/gcc/arm-none-eabi/4.6.3/thumb2/crtn.o
 .init          0x0000000000000000        0x8 /Users/thomas/local/pebble-dev/arm-cs-tools/bin/../lib/gcc/arm-none-eabi/4.6.3/thumb2/crtn.o
 .fini          0x0000000000000000        0x8 /Users/thomas/local/pebble-dev/arm-cs-tools/bin/../lib/gcc/arm-none-eabi/4.6.3/thumb2/crtn.o

Memory Configuration

Name             Origin             Length             Attributes
APP              0x0000000000000000 0x0000000000006000 xrw
*default*        0x0000000000000000 0xffffffffffffffff

Linker script and memory map

LOAD /Users/thomas/local/pebble-dev/arm-cs-tools/bin/../lib/gcc/arm-none-eabi/4.6.3/thumb2/crti.o
LOAD /Users/thomas/local/pebble-dev/arm-cs-tools/bin/../lib/gcc/arm-none-eabi/4.6.3/thumb2/crtbegin.o
LOAD src/todo_list.c.1.o
LOAD /Users/thomas/work-pebble/pebblesdk-generator/pebblekit-watch-examples/demos/feature_app_message/todo_list/lib/libpebble.a
START GROUP
LOAD /Users/thomas/local/pebble-dev/arm-cs-tools/bin/../lib/gcc/arm-none-eabi/4.6.3/thumb2/libgcc.a
LOAD /Users/thomas/local/pebble-dev/arm-cs-tools/bin/../lib/gcc/arm-none-eabi/4.6.3/../../../../arm-none-eabi/lib/thumb2/libc.a
END GROUP
LOAD /Users/thomas/local/pebble-dev/arm-cs-tools/bin/../lib/gcc/arm-none-eabi/4.6.3/thumb2/crtend.o
LOAD /Users/thomas/local/pebble-dev/arm-cs-tools/bin/../lib/gcc/arm-none-eabi/4.6.3/thumb2/crtn.o

.header         0x0000000000000000       0x7c
 *(.pbl_header)
 .pbl_header    0x0000000000000000       0x7c src/todo_list.c.1.o
                0x0000000000000000                __pbl_app_info

.rodata.str1.1  0x000000000000007c       0x25
 .rodata.str1.1
                0x000000000000007c       0x25 src/todo_list.c.1.o

.text           0x00000000000000a4       0x14
 *(.text)
 .text          0x00000000000000a4       0x14 /Users/thomas/work-pebble/pebblesdk-generator/pebblekit-watch-examples/demos/feature_app_message/todo_list/lib/libpebble.a(tmpEWj7cbpebble_os.o)

.glue_7         0x00000000000000b8        0x0
 .glue_7        0x0000000000000000        0x0 linker stubs

.glue_7t        0x00000000000000b8        0x0
 .glue_7t       0x0000000000000000        0x0 linker stubs

.vfp11_veneer   0x00000000000000b8        0x0
 .vfp11_veneer  0x0000000000000000        0x0 linker stubs

.v4_bx          0x00000000000000b8        0x0
 .v4_bx         0x0000000000000000        0x0 linker stubs

.iplt           0x00000000000000b8        0x0
 .iplt          0x0000000000000000        0x0 /Users/thomas/local/pebble-dev/arm-cs-tools/bin/../lib/gcc/arm-none-eabi/4.6.3/thumb2/crti.o

.text.todo_list_toggle_state
                0x00000000000000b8       0x2c
 .text.todo_list_toggle_state
                0x00000000000000b8       0x2c src/todo_list.c.1.o

.text.get_cell_height_callback
                0x00000000000000e4        0x4
 .text.get_cell_height_callback
                0x00000000000000e4        0x4 src/todo_list.c.1.o

.text.get_num_rows_callback
                0x00000000000000e8        0xc
 .text.get_num_rows_callback
                0x00000000000000e8        0xc src/todo_list.c.1.o

.text.todo_list_delete
                0x00000000000000f4       0x3c
 .text.todo_list_delete
                0x00000000000000f4       0x3c src/todo_list.c.1.o

.text.in_received_handler
                0x0000000000000130      0x134
 .text.in_received_handler
                0x0000000000000130      0x134 src/todo_list.c.1.o

.text.handle_init
                0x0000000000000264       0x78
 .text.handle_init
                0x0000000000000264       0x78 src/todo_list.c.1.o
                0x0000000000000264                handle_init

.text.select_long_callback
                0x00000000000002dc       0x38
 .text.select_long_callback
                0x00000000000002dc       0x38 src/todo_list.c.1.o

.text.select_callback
                0x0000000000000314       0x38
 .text.select_callback
                0x0000000000000314       0x38 src/todo_list.c.1.o

.text.window_load
                0x000000000000034c       0x94
 .text.window_load
                0x000000000000034c       0x94 src/todo_list.c.1.o

.text.draw_row_callback
                0x00000000000003e0       0xe4
 .text.draw_row_callback
                0x00000000000003e0       0xe4 src/todo_list.c.1.o

.text.pbl_main  0x00000000000004c4       0x3c
 .text.pbl_main
                0x00000000000004c4       0x3c src/todo_list.c.1.o
                0x00000000000004c4                pbl_main

.text.app_event_loop
                0x0000000000000500        0xc
 .text.app_event_loop
                0x0000000000000500        0xc /Users/thomas/work-pebble/pebblesdk-generator/pebblekit-watch-examples/demos/feature_app_message/todo_list/lib/libpebble.a(tmpEWj7cbpebble_os.o)
                0x0000000000000500                app_event_loop

.text.fonts_get_system_font
                0x000000000000050c        0xc
 .text.fonts_get_system_font
                0x000000000000050c        0xc /Users/thomas/work-pebble/pebblesdk-generator/pebblekit-watch-examples/demos/feature_app_message/todo_list/lib/libpebble.a(tmpEWj7cbpebble_os.o)
                0x000000000000050c                fonts_get_system_font

.text.graphics_context_set_stroke_color
                0x0000000000000518        0xc
 .text.graphics_context_set_stroke_color
                0x0000000000000518        0xc /Users/thomas/work-pebble/pebblesdk-generator/pebblekit-watch-examples/demos/feature_app_message/todo_list/lib/libpebble.a(tmpEWj7cbpebble_os.o)
                0x0000000000000518                graphics_context_set_stroke_color

.text.graphics_context_set_fill_color
                0x0000000000000524        0xc
 .text.graphics_context_set_fill_color
                0x0000000000000524        0xc /Users/thomas/work-pebble/pebblesdk-generator/pebblekit-watch-examples/demos/feature_app_message/todo_list/lib/libpebble.a(tmpEWj7cbpebble_os.o)
                0x0000000000000524                graphics_context_set_fill_color

.text.graphics_context_set_compositing_mode
                0x0000000000000530        0xc
 .text.graphics_context_set_compositing_mode
                0x0000000000000530        0xc /Users/thomas/work-pebble/pebblesdk-generator/pebblekit-watch-examples/demos/feature_app_message/todo_list/lib/libpebble.a(tmpEWj7cbpebble_os.o)
                0x0000000000000530                graphics_context_set_compositing_mode

.text.graphics_fill_rect
                0x000000000000053c        0xc
 .text.graphics_fill_rect
                0x000000000000053c        0xc /Users/thomas/work-pebble/pebblesdk-generator/pebblekit-watch-examples/demos/feature_app_message/todo_list/lib/libpebble.a(tmpEWj7cbpebble_os.o)
                0x000000000000053c                graphics_fill_rect

.text.layer_add_child
                0x0000000000000548        0xc
 .text.layer_add_child
                0x0000000000000548        0xc /Users/thomas/work-pebble/pebblesdk-generator/pebblekit-watch-examples/demos/feature_app_message/todo_list/lib/libpebble.a(tmpEWj7cbpebble_os.o)
                0x0000000000000548                layer_add_child

.text.window_init
                0x0000000000000554        0xc
 .text.window_init
                0x0000000000000554        0xc /Users/thomas/work-pebble/pebblesdk-generator/pebblekit-watch-examples/demos/feature_app_message/todo_list/lib/libpebble.a(tmpEWj7cbpebble_os.o)
                0x0000000000000554                window_init

.text.window_stack_push
                0x0000000000000560        0xc
 .text.window_stack_push
                0x0000000000000560        0xc /Users/thomas/work-pebble/pebblesdk-generator/pebblekit-watch-examples/demos/feature_app_message/todo_list/lib/libpebble.a(tmpEWj7cbpebble_os.o)
                0x0000000000000560                window_stack_push

.text.graphics_text_layout_get_max_used_size
                0x000000000000056c        0xc
 .text.graphics_text_layout_get_max_used_size
                0x000000000000056c        0xc /Users/thomas/work-pebble/pebblesdk-generator/pebblekit-watch-examples/demos/feature_app_message/todo_list/lib/libpebble.a(tmpEWj7cbpebble_os.o)
                0x000000000000056c                graphics_text_layout_get_max_used_size

.text.menu_cell_basic_draw
                0x0000000000000578        0xc
 .text.menu_cell_basic_draw
                0x0000000000000578        0xc /Users/thomas/work-pebble/pebblesdk-generator/pebblekit-watch-examples/demos/feature_app_message/todo_list/lib/libpebble.a(tmpEWj7cbpebble_os.o)
                0x0000000000000578                menu_cell_basic_draw

.text.menu_layer_init
                0x0000000000000584        0xc
 .text.menu_layer_init
                0x0000000000000584        0xc /Users/thomas/work-pebble/pebblesdk-generator/pebblekit-watch-examples/demos/feature_app_message/todo_list/lib/libpebble.a(tmpEWj7cbpebble_os.o)
                0x0000000000000584                menu_layer_init

.text.menu_layer_get_layer
                0x0000000000000590        0xc
 .text.menu_layer_get_layer
                0x0000000000000590        0xc /Users/thomas/work-pebble/pebblesdk-generator/pebblekit-watch-examples/demos/feature_app_message/todo_list/lib/libpebble.a(tmpEWj7cbpebble_os.o)
                0x0000000000000590                menu_layer_get_layer

.text.menu_layer_set_callbacks
                0x000000000000059c        0xc
 .text.menu_layer_set_callbacks
                0x000000000000059c        0xc /Users/thomas/work-pebble/pebblesdk-generator/pebblekit-watch-examples/demos/feature_app_message/todo_list/lib/libpebble.a(tmpEWj7cbpebble_os.o)
                0x000000000000059c                menu_layer_set_callbacks

.text.menu_layer_set_click_config_onto_window
                0x00000000000005a8        0xc
 .text.menu_layer_set_click_config_onto_window
                0x00000000000005a8        0xc /Users/thomas/work-pebble/pebblesdk-generator/pebblekit-watch-examples/demos/feature_app_message/todo_list/lib/libpebble.a(tmpEWj7cbpebble_os.o)
                0x00000000000005a8                menu_layer_set_click_config_onto_window

.text.menu_layer_reload_data
                0x00000000000005b4        0xc
 .text.menu_layer_reload_data
                0x00000000000005b4        0xc /Users/thomas/work-pebble/pebblesdk-generator/pebblekit-watch-examples/demos/feature_app_message/todo_list/lib/libpebble.a(tmpEWj7cbpebble_os.o)
                0x00000000000005b4                menu_layer_reload_data

.text.window_set_window_handlers
                0x00000000000005c0        0xc
 .text.window_set_window_handlers
                0x00000000000005c0        0xc /Users/thomas/work-pebble/pebblesdk-generator/pebblekit-watch-examples/demos/feature_app_message/todo_list/lib/libpebble.a(tmpEWj7cbpebble_os.o)
                0x00000000000005c0                window_set_window_handlers

.text.app_message_out_get
                0x00000000000005cc        0xc
 .text.app_message_out_get
                0x00000000000005cc        0xc /Users/thomas/work-pebble/pebblesdk-generator/pebblekit-watch-examples/demos/feature_app_message/todo_list/lib/libpebble.a(tmpEWj7cbpebble_os.o)
                0x00000000000005cc                app_message_out_get

.text.app_message_out_send
                0x00000000000005d8        0xc
 .text.app_message_out_send
                0x00000000000005d8        0xc /Users/thomas/work-pebble/pebblesdk-generator/pebblekit-watch-examples/demos/feature_app_message/todo_list/lib/libpebble.a(tmpEWj7cbpebble_os.o)
                0x00000000000005d8                app_message_out_send

.text.app_message_out_release
                0x00000000000005e4        0xc
 .text.app_message_out_release
                0x00000000000005e4        0xc /Users/thomas/work-pebble/pebblesdk-generator/pebblekit-watch-examples/demos/feature_app_message/todo_list/lib/libpebble.a(tmpEWj7cbpebble_os.o)
                0x00000000000005e4                app_message_out_release

.text.dict_write_uint8
                0x00000000000005f0        0xc
 .text.dict_write_uint8
                0x00000000000005f0        0xc /Users/thomas/work-pebble/pebblesdk-generator/pebblekit-watch-examples/demos/feature_app_message/todo_list/lib/libpebble.a(tmpEWj7cbpebble_os.o)
                0x00000000000005f0                dict_write_uint8

.text.dict_find
                0x00000000000005fc        0xc
 .text.dict_find
                0x00000000000005fc        0xc /Users/thomas/work-pebble/pebblesdk-generator/pebblekit-watch-examples/demos/feature_app_message/todo_list/lib/libpebble.a(tmpEWj7cbpebble_os.o)
                0x00000000000005fc                dict_find

.text.app_comm_set_sniff_interval
                0x0000000000000608        0xc
 .text.app_comm_set_sniff_interval
                0x0000000000000608        0xc /Users/thomas/work-pebble/pebblesdk-generator/pebblekit-watch-examples/demos/feature_app_message/todo_list/lib/libpebble.a(tmpEWj7cbpebble_os.o)
                0x0000000000000608                app_comm_set_sniff_interval

.text.strcpy    0x0000000000000614        0xc
 .text.strcpy   0x0000000000000614        0xc /Users/thomas/work-pebble/pebblesdk-generator/pebblekit-watch-examples/demos/feature_app_message/todo_list/lib/libpebble.a(tmpEWj7cbpebble_os.o)
                0x0000000000000614                strcpy

.text.memset    0x0000000000000620        0xc
 .text.memset   0x0000000000000620        0xc /Users/thomas/work-pebble/pebblesdk-generator/pebblekit-watch-examples/demos/feature_app_message/todo_list/lib/libpebble.a(tmpEWj7cbpebble_os.o)
                0x0000000000000620                memset

.text.memmove   0x000000000000062c        0xc
 .text.memmove  0x000000000000062c        0xc /Users/thomas/work-pebble/pebblesdk-generator/pebblekit-watch-examples/demos/feature_app_message/todo_list/lib/libpebble.a(tmpEWj7cbpebble_os.o)
                0x000000000000062c                memmove

.rel.dyn        0x0000000000000638        0x0
 .rel.iplt      0x0000000000000000        0x0 /Users/thomas/local/pebble-dev/arm-cs-tools/bin/../lib/gcc/arm-none-eabi/4.6.3/thumb2/crti.o

.data           0x0000000000000638        0x4
 *(.data)
 .data          0x0000000000000638        0x0 /Users/thomas/local/pebble-dev/arm-cs-tools/bin/../lib/gcc/arm-none-eabi/4.6.3/thumb2/crti.o
 .data          0x0000000000000638        0x4 /Users/thomas/local/pebble-dev/arm-cs-tools/bin/../lib/gcc/arm-none-eabi/4.6.3/thumb2/crtbegin.o
                0x0000000000000638                __dso_handle
 .data          0x000000000000063c        0x0 src/todo_list.c.1.o
 .data          0x000000000000063c        0x0 /Users/thomas/work-pebble/pebblesdk-generator/pebblekit-watch-examples/demos/feature_app_message/todo_list/lib/libpebble.a(tmpEWj7cbpebble_os.o)
 .data          0x000000000000063c        0x0 /Users/thomas/local/pebble-dev/arm-cs-tools/bin/../lib/gcc/arm-none-eabi/4.6.3/thumb2/crtend.o
 .data          0x000000000000063c        0x0 /Users/thomas/local/pebble-dev/arm-cs-tools/bin/../lib/gcc/arm-none-eabi/4.6.3/thumb2/crtn.o

.igot.plt       0x000000000000063c        0x0
 .igot.plt      0x0000000000000000        0x0 /Users/thomas/local/pebble-dev/arm-cs-tools/bin/../lib/gcc/arm-none-eabi/4.6.3/thumb2/crti.o

.bss
 *(.bss)

.bss.s_active_item_count
                0x000000000000063c        0x4
 .bss.s_active_item_count
                0x000000000000063c        0x4 src/todo_list.c.1.o

.bss.s_todo_list_items
                0x0000000000000640       0xaa
 .bss.s_todo_list_items
                0x0000000000000640       0xaa src/todo_list.c.1.o

.bss.s_window   0x00000000000006ec       0x58
 .bss.s_window  0x00000000000006ec       0x58 src/todo_list.c.1.o

.bss.s_app_ctx  0x0000000000000744        0x4
 .bss.s_app_ctx
                0x0000000000000744        0x4 src/todo_list.c.1.o

.bss.s_menu_layer
                0x0000000000000748      0x120
 .bss.s_menu_layer
                0x0000000000000748      0x120 src/todo_list.c.1.o

DISCARD
 libc.a(*)
 libm.a(*)
 libgcc.a(*)
 *(.eh_frame)
OUTPUT(/Users/thomas/work-pebble/pebblesdk-generator/pebblekit-watch-examples/demos/feature_app_message/todo_list/build/pebble-app.elf elf32-littlearm)

.ARM.attributes
                0x0000000000000000       0x27
 .ARM.attributes
                0x0000000000000000       0x1b /Users/thomas/local/pebble-dev/arm-cs-tools/bin/../lib/gcc/arm-none-eabi/4.6.3/thumb2/crti.o
 .ARM.attributes
                0x000000000000001b       0x2b /Users/thomas/local/pebble-dev/arm-cs-tools/bin/../lib/gcc/arm-none-eabi/4.6.3/thumb2/crtbegin.o
 .ARM.attributes
                0x0000000000000046       0x33 src/todo_list.c.1.o
 .ARM.attributes
                0x0000000000000079       0x21 /Users/thomas/work-pebble/pebblesdk-generator/pebblekit-watch-examples/demos/feature_app_message/todo_list/lib/libpebble.a(tmpEWj7cbpebble_os.o)
 .ARM.attributes
                0x000000000000009a       0x2b /Users/thomas/local/pebble-dev/arm-cs-tools/bin/../lib/gcc/arm-none-eabi/4.6.3/thumb2/crtend.o
 .ARM.attributes
                0x00000000000000c5       0x1b /Users/thomas/local/pebble-dev/arm-cs-tools/bin/../lib/gcc/arm-none-eabi/4.6.3/thumb2/crtn.o

.comment        0x0000000000000000       0x4e
 .comment       0x0000000000000000       0x4e /Users/thomas/local/pebble-dev/arm-cs-tools/bin/../lib/gcc/arm-none-eabi/4.6.3/thumb2/crtbegin.o
                                         0x4f (size before relaxing)
 .comment       0x0000000000000000       0x4f src/todo_list.c.1.o
 .comment       0x0000000000000000       0x4f /Users/thomas/local/pebble-dev/arm-cs-tools/bin/../lib/gcc/arm-none-eabi/4.6.3/thumb2/crtend.o

.debug_line     0x0000000000000000      0x438
 .debug_line    0x0000000000000000       0x71 /Users/thomas/local/pebble-dev/arm-cs-tools/bin/../lib/gcc/arm-none-eabi/4.6.3/thumb2/crti.o
 .debug_line    0x0000000000000071      0x352 src/todo_list.c.1.o
 .debug_line    0x00000000000003c3       0x75 /Users/thomas/local/pebble-dev/arm-cs-tools/bin/../lib/gcc/arm-none-eabi/4.6.3/thumb2/crtn.o

.debug_info     0x0000000000000000     0x1f85
 .debug_info    0x0000000000000000       0xb2 /Users/thomas/local/pebble-dev/arm-cs-tools/bin/../lib/gcc/arm-none-eabi/4.6.3/thumb2/crti.o
 .debug_info    0x00000000000000b2     0x1e21 src/todo_list.c.1.o
 .debug_info    0x0000000000001ed3       0xb2 /Users/thomas/local/pebble-dev/arm-cs-tools/bin/../lib/gcc/arm-none-eabi/4.6.3/thumb2/crtn.o

.debug_abbrev   0x0000000000000000      0x37d
 .debug_abbrev  0x0000000000000000       0x12 /Users/thomas/local/pebble-dev/arm-cs-tools/bin/../lib/gcc/arm-none-eabi/4.6.3/thumb2/crti.o
 .debug_abbrev  0x0000000000000012      0x359 src/todo_list.c.1.o
 .debug_abbrev  0x000000000000036b       0x12 /Users/thomas/local/pebble-dev/arm-cs-tools/bin/../lib/gcc/arm-none-eabi/4.6.3/thumb2/crtn.o

.debug_aranges  0x0000000000000000       0xc0
 .debug_aranges
                0x0000000000000000       0x28 /Users/thomas/local/pebble-dev/arm-cs-tools/bin/../lib/gcc/arm-none-eabi/4.6.3/thumb2/crti.o
 .debug_aranges
                0x0000000000000028       0x70 src/todo_list.c.1.o
 .debug_aranges
                0x0000000000000098       0x28 /Users/thomas/local/pebble-dev/arm-cs-tools/bin/../lib/gcc/arm-none-eabi/4.6.3/thumb2/crtn.o

.debug_ranges   0x0000000000000000      0x128
 .debug_ranges  0x0000000000000000       0x20 /Users/thomas/local/pebble-dev/arm-cs-tools/bin/../lib/gcc/arm-none-eabi/4.6.3/thumb2/crti.o
 .debug_ranges  0x0000000000000020       0xe8 src/todo_list.c.1.o
 .debug_ranges  0x0000000000000108       0x20 /Users/thomas/local/pebble-dev/arm-cs-tools/bin/../lib/gcc/arm-none-eabi/4.6.3/thumb2/crtn.o

.debug_loc      0x0000000000000000      0x4ad
 .debug_loc     0x0000000000000000      0x4ad src/todo_list.c.1.o

.debug_str      0x0000000000000000     0x13bc
 .debug_str     0x0000000000000000     0x13bc src/todo_list.c.1.o
                                       0x14f7 (size before relaxing)

.debug_frame    0x0000000000000000      0x130
 .debug_frame   0x0000000000000000      0x130 src/todo_list.c.1.o
